
[Test/GivenValidRequest_WhenSaveUser_ThenMatchSnapshot - 1]
response.UserResponse{Name:"Bart Beatty", Email:"Bart Beatty"}
---

[Test/GivenUsers_WhenGetUsers_ThenMatchSnapshot - 1]
response.PageableResponse[github.com/NicklasWallgren/go-template/adapters/driven/api/users/response.UserResponse]{
    Content: {
        {Name:"Bart Beatty", Email:"Bart Beatty"},
        {Name:"Merle Quigley", Email:"Merle Quigley"},
        {Name:"Mathias Hauck", Email:"Mathias Hauck"},
        {Name:"Sim Erdman", Email:"Sim Erdman"},
        {Name:"Millie Purdy", Email:"Millie Purdy"},
    },
    Empty:            false,
    Number:           0,
    NumberOfElements: 5,
    TotalElements:    5,
    TotalPages:       0,
}
---

[Test/GivenUsers_WhenGetOneUser_ThenMatchSnapshot - 1]
response.UserResponse{Name:"Bart Beatty", Email:"Bart Beatty"}
---

[Test/GivenValidUpdateRequest_WhenUpdateUser_ThenMatchSnapshot - 1]
response.UserResponse{Name:"Bart Beatty", Email:"Bart Beatty"}
---
